============================= test session starts =============================
platform win32 -- Python 3.12.10, pytest-9.0.2, pluggy-1.6.0 -- C:\Users\Asus\AppData\Local\Programs\Python\Python312\python.exe
cachedir: .pytest_cache
rootdir: C:\Users\Asus\.gemini\antigravity\scratch\new_project\claude-memory-mcp
configfile: pyproject.toml
testpaths: tests
plugins: anyio-4.12.0, asyncio-1.3.0
asyncio: mode=Mode.AUTO, debug=False, asyncio_default_fixture_loop_scope=None, asyncio_default_test_loop_scope=function
collecting ... collected 28 items / 1 error

=================================== ERRORS ====================================
____________ ERROR collecting tests/unit/test_entity_lifecycle.py _____________
tests\unit\test_entity_lifecycle.py:10: in <module>
    @pytest.fixture
     ^^^^^^^^^^^^^^
C:\Users\Asus\AppData\Local\Programs\Python\Python312\Lib\site-packages\_pytest\fixtures.py:1399: in fixture
    return fixture_marker(fixture_function)
           ^^^^^^^^^^^^^^^^^^^^^^^^^^^^^^^^
C:\Users\Asus\AppData\Local\Programs\Python\Python312\Lib\site-packages\_pytest\fixtures.py:1234: in __call__
    raise ValueError(
E   ValueError: @pytest.fixture is being applied more than once to the same function 'memory_service'
============================== warnings summary ===============================
<frozen importlib._bootstrap>:488
  <frozen importlib._bootstrap>:488: DeprecationWarning: Type google._upb._message.MessageMapContainer uses PyType_Spec with a metaclass that has custom tp_new. This is deprecated and will no longer be allowed in Python 3.14.

<frozen importlib._bootstrap>:488
  <frozen importlib._bootstrap>:488: DeprecationWarning: Type google._upb._message.ScalarMapContainer uses PyType_Spec with a metaclass that has custom tp_new. This is deprecated and will no longer be allowed in Python 3.14.

-- Docs: https://docs.pytest.org/en/stable/how-to/capture-warnings.html
=========================== short test summary info ===========================
ERROR tests/unit/test_entity_lifecycle.py - ValueError: @pytest.fixture is be...
!!!!!!!!!!!!!!!!!!! Interrupted: 1 error during collection !!!!!!!!!!!!!!!!!!!!
======================== 2 warnings, 1 error in 3.91s =========================
